// Jest Snapshot v1, https://goo.gl/fbAQLP

exports[`Packs should get all packs 1`] = `
Object {
  "abbr": "Base-INTL",
  "name": "Base Set (INTL Version)",
  "official": true,
  "promptsCount": 89,
  "responsesCount": 510,
}
`;
